
         /\      Grafana   /‾‾/  
    /\  /  \     |\  __   /  /   
   /  \/    \    | |/ /  /   ‾‾\ 
  /          \   |   (  |  (‾)  |
 / __________ \  |_|\_\  \_____/ 


     execution: local
        script: scripts/performance/k6-pilot.js
        output: -

     scenarios: (100.00%) 4 scenarios, 4 max VUs, 1m5s max duration (incl. graceful stop):
              * card_lookup: 1 looping VUs for 20s (exec: lookupScenario, gracefulStop: 30s)
              * earn_checkout: 1 looping VUs for 20s (exec: earnScenario, startTime: 5s, gracefulStop: 30s)
              * redeem_checkout: 1 looping VUs for 20s (exec: redeemScenario, startTime: 10s, gracefulStop: 30s)
              * report_isolation: 1 looping VUs for 20s (exec: reportIsolationScenario, startTime: 15s, gracefulStop: 30s)


running (0m01.0s), 1/4 VUs, 0 complete and 0 interrupted iterations
card_lookup        [   4% ] 1 VUs    00.8s/20s
earn_checkout    • [   0% ] waiting  4.2s
redeem_checkout  • [   0% ] waiting  09.2s
report_isolation • [   0% ] waiting  14.2s

running (0m02.0s), 1/4 VUs, 1 complete and 0 interrupted iterations
card_lookup        [   9% ] 1 VUs    01.8s/20s
earn_checkout    • [   0% ] waiting  3.2s
redeem_checkout  • [   0% ] waiting  08.2s
report_isolation • [   0% ] waiting  13.2s

running (0m03.0s), 1/4 VUs, 2 complete and 0 interrupted iterations
card_lookup        [  14% ] 1 VUs    02.8s/20s
earn_checkout    • [   0% ] waiting  2.2s
redeem_checkout  • [   0% ] waiting  07.2s
report_isolation • [   0% ] waiting  12.2s

running (0m04.0s), 1/4 VUs, 3 complete and 0 interrupted iterations
card_lookup        [  19% ] 1 VUs    03.8s/20s
earn_checkout    • [   0% ] waiting  1.2s
redeem_checkout  • [   0% ] waiting  06.2s
report_isolation • [   0% ] waiting  11.2s

running (0m05.0s), 1/4 VUs, 4 complete and 0 interrupted iterations
card_lookup        [  24% ] 1 VUs    04.8s/20s
earn_checkout    • [   0% ] waiting  0.2s
redeem_checkout  • [   0% ] waiting  05.2s
report_isolation • [   0% ] waiting  10.2s

running (0m06.0s), 2/4 VUs, 5 complete and 0 interrupted iterations
card_lookup        [  29% ] 1 VUs    05.8s/20s
earn_checkout      [   4% ] 1 VUs    00.8s/20s
redeem_checkout  • [   0% ] waiting  04.2s
report_isolation • [   0% ] waiting  09.2s

running (0m07.0s), 2/4 VUs, 7 complete and 0 interrupted iterations
card_lookup        [  34% ] 1 VUs    06.8s/20s
earn_checkout      [   9% ] 1 VUs    01.8s/20s
redeem_checkout  • [   0% ] waiting  03.2s
report_isolation • [   0% ] waiting  08.2s

running (0m08.0s), 2/4 VUs, 9 complete and 0 interrupted iterations
card_lookup        [  39% ] 1 VUs    07.8s/20s
earn_checkout      [  14% ] 1 VUs    02.8s/20s
redeem_checkout  • [   0% ] waiting  02.2s
report_isolation • [   0% ] waiting  07.2s

running (0m09.0s), 2/4 VUs, 11 complete and 0 interrupted iterations
card_lookup        [  44% ] 1 VUs    08.8s/20s
earn_checkout      [  19% ] 1 VUs    03.8s/20s
redeem_checkout  • [   0% ] waiting  01.2s
report_isolation • [   0% ] waiting  06.2s

running (0m10.0s), 2/4 VUs, 12 complete and 0 interrupted iterations
card_lookup        [  49% ] 1 VUs    09.8s/20s
earn_checkout      [  24% ] 1 VUs    04.8s/20s
redeem_checkout  • [   0% ] waiting  00.2s
report_isolation • [   0% ] waiting  05.2s

running (0m11.0s), 3/4 VUs, 13 complete and 0 interrupted iterations
card_lookup        [  54% ] 1 VUs    10.8s/20s
earn_checkout      [  29% ] 1 VUs    05.8s/20s
redeem_checkout    [   4% ] 1 VUs    00.8s/20s
report_isolation • [   0% ] waiting  04.2s

running (0m12.0s), 3/4 VUs, 16 complete and 0 interrupted iterations
card_lookup        [  59% ] 1 VUs    11.8s/20s
earn_checkout      [  34% ] 1 VUs    06.8s/20s
redeem_checkout    [   9% ] 1 VUs    01.8s/20s
report_isolation • [   0% ] waiting  03.2s

running (0m13.0s), 3/4 VUs, 19 complete and 0 interrupted iterations
card_lookup        [  64% ] 1 VUs    12.8s/20s
earn_checkout      [  39% ] 1 VUs    07.8s/20s
redeem_checkout    [  14% ] 1 VUs    02.8s/20s
report_isolation • [   0% ] waiting  02.2s

running (0m14.0s), 3/4 VUs, 22 complete and 0 interrupted iterations
card_lookup        [  69% ] 1 VUs    13.8s/20s
earn_checkout      [  44% ] 1 VUs    08.8s/20s
redeem_checkout    [  19% ] 1 VUs    03.8s/20s
report_isolation • [   0% ] waiting  01.2s

running (0m15.0s), 3/4 VUs, 24 complete and 0 interrupted iterations
card_lookup        [  74% ] 1 VUs    14.8s/20s
earn_checkout      [  49% ] 1 VUs    09.8s/20s
redeem_checkout    [  24% ] 1 VUs    04.8s/20s
report_isolation • [   0% ] waiting  00.2s

running (0m16.0s), 4/4 VUs, 27 complete and 0 interrupted iterations
card_lookup        [  79% ] 1 VUs  15.8s/20s
earn_checkout      [  54% ] 1 VUs  10.8s/20s
redeem_checkout    [  29% ] 1 VUs  05.8s/20s
report_isolation   [   4% ] 1 VUs  00.8s/20s

running (0m17.0s), 4/4 VUs, 30 complete and 0 interrupted iterations
card_lookup        [  84% ] 1 VUs  16.8s/20s
earn_checkout      [  59% ] 1 VUs  11.8s/20s
redeem_checkout    [  34% ] 1 VUs  06.8s/20s
report_isolation   [   9% ] 1 VUs  01.8s/20s

running (0m18.0s), 4/4 VUs, 34 complete and 0 interrupted iterations
card_lookup        [  89% ] 1 VUs  17.8s/20s
earn_checkout      [  64% ] 1 VUs  12.8s/20s
redeem_checkout    [  39% ] 1 VUs  07.8s/20s
report_isolation   [  14% ] 1 VUs  02.8s/20s

running (0m19.0s), 4/4 VUs, 38 complete and 0 interrupted iterations
card_lookup        [  94% ] 1 VUs  18.8s/20s
earn_checkout      [  69% ] 1 VUs  13.8s/20s
redeem_checkout    [  44% ] 1 VUs  08.8s/20s
report_isolation   [  19% ] 1 VUs  03.8s/20s

running (0m20.0s), 4/4 VUs, 42 complete and 0 interrupted iterations
card_lookup        [  99% ] 1 VUs  19.8s/20s
earn_checkout      [  74% ] 1 VUs  14.8s/20s
redeem_checkout    [  49% ] 1 VUs  09.8s/20s
report_isolation   [  24% ] 1 VUs  04.8s/20s

running (0m21.0s), 3/4 VUs, 45 complete and 0 interrupted iterations
card_lookup      ✓ [ 100% ] 1 VUs  20s
earn_checkout      [  79% ] 1 VUs  15.8s/20s
redeem_checkout    [  54% ] 1 VUs  10.8s/20s
report_isolation   [  29% ] 1 VUs  05.8s/20s

running (0m22.0s), 3/4 VUs, 48 complete and 0 interrupted iterations
card_lookup      ✓ [ 100% ] 1 VUs  20s
earn_checkout      [  84% ] 1 VUs  16.8s/20s
redeem_checkout    [  59% ] 1 VUs  11.8s/20s
report_isolation   [  34% ] 1 VUs  06.8s/20s

running (0m23.0s), 3/4 VUs, 51 complete and 0 interrupted iterations
card_lookup      ✓ [ 100% ] 1 VUs  20s
earn_checkout      [  89% ] 1 VUs  17.8s/20s
redeem_checkout    [  64% ] 1 VUs  12.8s/20s
report_isolation   [  39% ] 1 VUs  07.8s/20s

running (0m24.0s), 3/4 VUs, 53 complete and 0 interrupted iterations
card_lookup      ✓ [ 100% ] 1 VUs  20s
earn_checkout      [  94% ] 1 VUs  18.8s/20s
redeem_checkout    [  69% ] 1 VUs  13.8s/20s
report_isolation   [  44% ] 1 VUs  08.8s/20s

running (0m25.0s), 3/4 VUs, 56 complete and 0 interrupted iterations
card_lookup      ✓ [ 100% ] 1 VUs  20s
earn_checkout      [  99% ] 1 VUs  19.8s/20s
redeem_checkout    [  74% ] 1 VUs  14.8s/20s
report_isolation   [  49% ] 1 VUs  09.8s/20s

running (0m26.0s), 3/4 VUs, 59 complete and 0 interrupted iterations
card_lookup      ✓ [ 100% ] 1 VUs  20s
earn_checkout    ↓ [ 100% ] 1 VUs  20s
redeem_checkout    [  79% ] 1 VUs  15.8s/20s
report_isolation   [  54% ] 1 VUs  10.8s/20s

running (0m27.0s), 2/4 VUs, 60 complete and 0 interrupted iterations
card_lookup      ✓ [ 100% ] 1 VUs  20s
earn_checkout    ✓ [ 100% ] 1 VUs  20s
redeem_checkout    [  84% ] 1 VUs  16.8s/20s
report_isolation   [  59% ] 1 VUs  11.8s/20s

running (0m28.0s), 2/4 VUs, 62 complete and 0 interrupted iterations
card_lookup      ✓ [ 100% ] 1 VUs  20s
earn_checkout    ✓ [ 100% ] 1 VUs  20s
redeem_checkout    [  89% ] 1 VUs  17.8s/20s
report_isolation   [  64% ] 1 VUs  12.8s/20s

running (0m29.0s), 2/4 VUs, 64 complete and 0 interrupted iterations
card_lookup      ✓ [ 100% ] 1 VUs  20s
earn_checkout    ✓ [ 100% ] 1 VUs  20s
redeem_checkout    [  94% ] 1 VUs  18.8s/20s
report_isolation   [  69% ] 1 VUs  13.8s/20s

running (0m30.0s), 2/4 VUs, 66 complete and 0 interrupted iterations
card_lookup      ✓ [ 100% ] 1 VUs  20s
earn_checkout    ✓ [ 100% ] 1 VUs  20s
redeem_checkout    [  99% ] 1 VUs  19.8s/20s
report_isolation   [  74% ] 1 VUs  14.8s/20s

running (0m31.0s), 1/4 VUs, 68 complete and 0 interrupted iterations
card_lookup      ✓ [ 100% ] 1 VUs  20s
earn_checkout    ✓ [ 100% ] 1 VUs  20s
redeem_checkout  ✓ [ 100% ] 1 VUs  20s
report_isolation   [  79% ] 1 VUs  15.8s/20s

running (0m32.0s), 1/4 VUs, 69 complete and 0 interrupted iterations
card_lookup      ✓ [ 100% ] 1 VUs  20s
earn_checkout    ✓ [ 100% ] 1 VUs  20s
redeem_checkout  ✓ [ 100% ] 1 VUs  20s
report_isolation   [  84% ] 1 VUs  16.8s/20s

running (0m33.0s), 1/4 VUs, 69 complete and 0 interrupted iterations
card_lookup      ✓ [ 100% ] 1 VUs  20s
earn_checkout    ✓ [ 100% ] 1 VUs  20s
redeem_checkout  ✓ [ 100% ] 1 VUs  20s
report_isolation   [  89% ] 1 VUs  17.8s/20s

running (0m34.0s), 1/4 VUs, 70 complete and 0 interrupted iterations
card_lookup      ✓ [ 100% ] 1 VUs  20s
earn_checkout    ✓ [ 100% ] 1 VUs  20s
redeem_checkout  ✓ [ 100% ] 1 VUs  20s
report_isolation   [  94% ] 1 VUs  18.8s/20s

running (0m35.0s), 1/4 VUs, 71 complete and 0 interrupted iterations
card_lookup      ✓ [ 100% ] 1 VUs  20s
earn_checkout    ✓ [ 100% ] 1 VUs  20s
redeem_checkout  ✓ [ 100% ] 1 VUs  20s
report_isolation   [  99% ] 1 VUs  19.8s/20s

running (0m36.0s), 1/4 VUs, 72 complete and 0 interrupted iterations
card_lookup      ✓ [ 100% ] 1 VUs  20s
earn_checkout    ✓ [ 100% ] 1 VUs  20s
redeem_checkout  ✓ [ 100% ] 1 VUs  20s
report_isolation ↓ [ 100% ] 1 VUs  20s

running (0m36.6s), 0/4 VUs, 73 complete and 0 interrupted iterations
card_lookup      ✓ [ 100% ] 1 VUs  20s
earn_checkout    ✓ [ 100% ] 1 VUs  20s
redeem_checkout  ✓ [ 100% ] 1 VUs  20s
report_isolation ✓ [ 100% ] 1 VUs  20s
