
         /\      Grafana   /‾‾/  
    /\  /  \     |\  __   /  /   
   /  \/    \    | |/ /  /   ‾‾\ 
  /          \   |   (  |  (‾)  |
 / __________ \  |_|\_\  \_____/ 


     execution: local
        script: scripts/performance/k6-pilot.js
        output: -

     scenarios: (100.00%) 4 scenarios, 4 max VUs, 1m5s max duration (incl. graceful stop):
              * card_lookup: 1 looping VUs for 20s (exec: lookupScenario, gracefulStop: 30s)
              * earn_checkout: 1 looping VUs for 20s (exec: earnScenario, startTime: 5s, gracefulStop: 30s)
              * redeem_checkout: 1 looping VUs for 20s (exec: redeemScenario, startTime: 10s, gracefulStop: 30s)
              * report_isolation: 1 looping VUs for 20s (exec: reportIsolationScenario, startTime: 15s, gracefulStop: 30s)


running (0m01.0s), 1/4 VUs, 0 complete and 0 interrupted iterations
card_lookup        [   3% ] 1 VUs    00.6s/20s
earn_checkout    • [   0% ] waiting  4.4s
redeem_checkout  • [   0% ] waiting  09.4s
report_isolation • [   0% ] waiting  14.4s

running (0m02.0s), 1/4 VUs, 1 complete and 0 interrupted iterations
card_lookup        [   8% ] 1 VUs    01.6s/20s
earn_checkout    • [   0% ] waiting  3.4s
redeem_checkout  • [   0% ] waiting  08.4s
report_isolation • [   0% ] waiting  13.4s

running (0m03.0s), 1/4 VUs, 2 complete and 0 interrupted iterations
card_lookup        [  13% ] 1 VUs    02.6s/20s
earn_checkout    • [   0% ] waiting  2.4s
redeem_checkout  • [   0% ] waiting  07.4s
report_isolation • [   0% ] waiting  12.4s

running (0m04.0s), 1/4 VUs, 3 complete and 0 interrupted iterations
card_lookup        [  18% ] 1 VUs    03.6s/20s
earn_checkout    • [   0% ] waiting  1.4s
redeem_checkout  • [   0% ] waiting  06.4s
report_isolation • [   0% ] waiting  11.4s

running (0m05.0s), 1/4 VUs, 4 complete and 0 interrupted iterations
card_lookup        [  23% ] 1 VUs    04.6s/20s
earn_checkout    • [   0% ] waiting  0.4s
redeem_checkout  • [   0% ] waiting  05.4s
report_isolation • [   0% ] waiting  10.4s

running (0m06.0s), 2/4 VUs, 5 complete and 0 interrupted iterations
card_lookup        [  28% ] 1 VUs    05.6s/20s
earn_checkout      [   3% ] 1 VUs    00.6s/20s
redeem_checkout  • [   0% ] waiting  04.4s
report_isolation • [   0% ] waiting  09.4s

running (0m07.0s), 2/4 VUs, 7 complete and 0 interrupted iterations
card_lookup        [  33% ] 1 VUs    06.6s/20s
earn_checkout      [   8% ] 1 VUs    01.6s/20s
redeem_checkout  • [   0% ] waiting  03.4s
report_isolation • [   0% ] waiting  08.4s

running (0m08.0s), 2/4 VUs, 8 complete and 0 interrupted iterations
card_lookup        [  38% ] 1 VUs    07.6s/20s
earn_checkout      [  13% ] 1 VUs    02.6s/20s
redeem_checkout  • [   0% ] waiting  02.4s
report_isolation • [   0% ] waiting  07.4s

running (0m09.0s), 2/4 VUs, 10 complete and 0 interrupted iterations
card_lookup        [  43% ] 1 VUs    08.6s/20s
earn_checkout      [  18% ] 1 VUs    03.6s/20s
redeem_checkout  • [   0% ] waiting  01.4s
report_isolation • [   0% ] waiting  06.4s

running (0m10.0s), 2/4 VUs, 11 complete and 0 interrupted iterations
card_lookup        [  48% ] 1 VUs    09.6s/20s
earn_checkout      [  23% ] 1 VUs    04.6s/20s
redeem_checkout  • [   0% ] waiting  00.4s
report_isolation • [   0% ] waiting  05.4s

running (0m11.0s), 3/4 VUs, 13 complete and 0 interrupted iterations
card_lookup        [  53% ] 1 VUs    10.6s/20s
earn_checkout      [  28% ] 1 VUs    05.6s/20s
redeem_checkout    [   3% ] 1 VUs    00.6s/20s
report_isolation • [   0% ] waiting  04.4s

running (0m12.0s), 3/4 VUs, 16 complete and 0 interrupted iterations
card_lookup        [  58% ] 1 VUs    11.6s/20s
earn_checkout      [  33% ] 1 VUs    06.6s/20s
redeem_checkout    [   8% ] 1 VUs    01.6s/20s
report_isolation • [   0% ] waiting  03.4s

running (0m13.0s), 3/4 VUs, 19 complete and 0 interrupted iterations
card_lookup        [  63% ] 1 VUs    12.6s/20s
earn_checkout      [  38% ] 1 VUs    07.6s/20s
redeem_checkout    [  13% ] 1 VUs    02.6s/20s
report_isolation • [   0% ] waiting  02.4s

running (0m14.0s), 3/4 VUs, 21 complete and 0 interrupted iterations
card_lookup        [  68% ] 1 VUs    13.6s/20s
earn_checkout      [  43% ] 1 VUs    08.6s/20s
redeem_checkout    [  18% ] 1 VUs    03.6s/20s
report_isolation • [   0% ] waiting  01.4s

running (0m15.0s), 3/4 VUs, 24 complete and 0 interrupted iterations
card_lookup        [  73% ] 1 VUs    14.6s/20s
earn_checkout      [  48% ] 1 VUs    09.6s/20s
redeem_checkout    [  23% ] 1 VUs    04.6s/20s
report_isolation • [   0% ] waiting  00.4s

running (0m16.0s), 4/4 VUs, 27 complete and 0 interrupted iterations
card_lookup        [  78% ] 1 VUs  15.6s/20s
earn_checkout      [  53% ] 1 VUs  10.6s/20s
redeem_checkout    [  28% ] 1 VUs  05.6s/20s
report_isolation   [   3% ] 1 VUs  00.6s/20s

running (0m17.0s), 4/4 VUs, 30 complete and 0 interrupted iterations
card_lookup        [  83% ] 1 VUs  16.6s/20s
earn_checkout      [  58% ] 1 VUs  11.6s/20s
redeem_checkout    [  33% ] 1 VUs  06.6s/20s
report_isolation   [   8% ] 1 VUs  01.6s/20s

running (0m18.0s), 4/4 VUs, 34 complete and 0 interrupted iterations
card_lookup        [  88% ] 1 VUs  17.6s/20s
earn_checkout      [  63% ] 1 VUs  12.6s/20s
redeem_checkout    [  38% ] 1 VUs  07.6s/20s
report_isolation   [  13% ] 1 VUs  02.6s/20s

running (0m19.0s), 4/4 VUs, 38 complete and 0 interrupted iterations
card_lookup        [  93% ] 1 VUs  18.6s/20s
earn_checkout      [  68% ] 1 VUs  13.6s/20s
redeem_checkout    [  43% ] 1 VUs  08.6s/20s
report_isolation   [  18% ] 1 VUs  03.6s/20s

running (0m20.0s), 4/4 VUs, 42 complete and 0 interrupted iterations
card_lookup        [  98% ] 1 VUs  19.6s/20s
earn_checkout      [  73% ] 1 VUs  14.6s/20s
redeem_checkout    [  48% ] 1 VUs  09.6s/20s
report_isolation   [  23% ] 1 VUs  04.6s/20s

running (0m21.0s), 3/4 VUs, 45 complete and 0 interrupted iterations
card_lookup      ✓ [ 100% ] 1 VUs  20s
earn_checkout      [  78% ] 1 VUs  15.6s/20s
redeem_checkout    [  53% ] 1 VUs  10.6s/20s
report_isolation   [  28% ] 1 VUs  05.6s/20s

running (0m22.0s), 3/4 VUs, 48 complete and 0 interrupted iterations
card_lookup      ✓ [ 100% ] 1 VUs  20s
earn_checkout      [  83% ] 1 VUs  16.6s/20s
redeem_checkout    [  58% ] 1 VUs  11.6s/20s
report_isolation   [  33% ] 1 VUs  06.6s/20s

running (0m23.0s), 3/4 VUs, 51 complete and 0 interrupted iterations
card_lookup      ✓ [ 100% ] 1 VUs  20s
earn_checkout      [  88% ] 1 VUs  17.6s/20s
redeem_checkout    [  63% ] 1 VUs  12.6s/20s
report_isolation   [  38% ] 1 VUs  07.6s/20s

running (0m24.0s), 3/4 VUs, 53 complete and 0 interrupted iterations
card_lookup      ✓ [ 100% ] 1 VUs  20s
earn_checkout      [  93% ] 1 VUs  18.6s/20s
redeem_checkout    [  68% ] 1 VUs  13.6s/20s
report_isolation   [  43% ] 1 VUs  08.6s/20s

running (0m25.0s), 3/4 VUs, 55 complete and 0 interrupted iterations
card_lookup      ✓ [ 100% ] 1 VUs  20s
earn_checkout      [  98% ] 1 VUs  19.6s/20s
redeem_checkout    [  73% ] 1 VUs  14.6s/20s
report_isolation   [  48% ] 1 VUs  09.6s/20s

running (0m26.0s), 3/4 VUs, 58 complete and 0 interrupted iterations
card_lookup      ✓ [ 100% ] 1 VUs  20s
earn_checkout    ↓ [ 100% ] 1 VUs  20s
redeem_checkout    [  78% ] 1 VUs  15.6s/20s
report_isolation   [  53% ] 1 VUs  10.6s/20s

running (0m27.0s), 2/4 VUs, 60 complete and 0 interrupted iterations
card_lookup      ✓ [ 100% ] 1 VUs  20s
earn_checkout    ✓ [ 100% ] 1 VUs  20s
redeem_checkout    [  83% ] 1 VUs  16.6s/20s
report_isolation   [  58% ] 1 VUs  11.6s/20s

running (0m28.0s), 2/4 VUs, 62 complete and 0 interrupted iterations
card_lookup      ✓ [ 100% ] 1 VUs  20s
earn_checkout    ✓ [ 100% ] 1 VUs  20s
redeem_checkout    [  88% ] 1 VUs  17.6s/20s
report_isolation   [  63% ] 1 VUs  12.6s/20s

running (0m29.0s), 2/4 VUs, 64 complete and 0 interrupted iterations
card_lookup      ✓ [ 100% ] 1 VUs  20s
earn_checkout    ✓ [ 100% ] 1 VUs  20s
redeem_checkout    [  93% ] 1 VUs  18.6s/20s
report_isolation   [  68% ] 1 VUs  13.6s/20s

running (0m30.0s), 2/4 VUs, 66 complete and 0 interrupted iterations
card_lookup      ✓ [ 100% ] 1 VUs  20s
earn_checkout    ✓ [ 100% ] 1 VUs  20s
redeem_checkout    [  98% ] 1 VUs  19.6s/20s
report_isolation   [  73% ] 1 VUs  14.6s/20s

running (0m31.0s), 1/4 VUs, 68 complete and 0 interrupted iterations
card_lookup      ✓ [ 100% ] 1 VUs  20s
earn_checkout    ✓ [ 100% ] 1 VUs  20s
redeem_checkout  ✓ [ 100% ] 1 VUs  20s
report_isolation   [  78% ] 1 VUs  15.6s/20s

running (0m32.0s), 1/4 VUs, 69 complete and 0 interrupted iterations
card_lookup      ✓ [ 100% ] 1 VUs  20s
earn_checkout    ✓ [ 100% ] 1 VUs  20s
redeem_checkout  ✓ [ 100% ] 1 VUs  20s
report_isolation   [  83% ] 1 VUs  16.6s/20s

running (0m33.0s), 1/4 VUs, 70 complete and 0 interrupted iterations
card_lookup      ✓ [ 100% ] 1 VUs  20s
earn_checkout    ✓ [ 100% ] 1 VUs  20s
redeem_checkout  ✓ [ 100% ] 1 VUs  20s
report_isolation   [  88% ] 1 VUs  17.6s/20s

running (0m34.0s), 1/4 VUs, 71 complete and 0 interrupted iterations
card_lookup      ✓ [ 100% ] 1 VUs  20s
earn_checkout    ✓ [ 100% ] 1 VUs  20s
redeem_checkout  ✓ [ 100% ] 1 VUs  20s
report_isolation   [  93% ] 1 VUs  18.6s/20s

running (0m35.0s), 1/4 VUs, 72 complete and 0 interrupted iterations
card_lookup      ✓ [ 100% ] 1 VUs  20s
earn_checkout    ✓ [ 100% ] 1 VUs  20s
redeem_checkout  ✓ [ 100% ] 1 VUs  20s
report_isolation   [  98% ] 1 VUs  19.6s/20s

running (0m36.0s), 0/4 VUs, 73 complete and 0 interrupted iterations
card_lookup      ✓ [ 100% ] 1 VUs  20s
earn_checkout    ✓ [ 100% ] 1 VUs  20s
redeem_checkout  ✓ [ 100% ] 1 VUs  20s
report_isolation ✓ [ 100% ] 1 VUs  20s

running (0m36.0s), 0/4 VUs, 73 complete and 0 interrupted iterations
card_lookup      ✓ [ 100% ] 1 VUs  20s
earn_checkout    ✓ [ 100% ] 1 VUs  20s
redeem_checkout  ✓ [ 100% ] 1 VUs  20s
report_isolation ✓ [ 100% ] 1 VUs  20s
